Loading training data: C:\Users\MAYURI\hi_itn_test\Blind_test_fixed
Traceback (most recent call last):
  File "C:\Users\MAYURI\hi_itn_test\NeMo-text-processing\nemo_text_processing\inverse_text_normalization\run_evaluate.py", line 74, in <module>
    training_data = filter_loaded_data(training_data)
                    ^^^^^^^^^^^^^^^^^^
NameError: name 'filter_loaded_data' is not defined
